main.c:378:6:serialPrintf	160	static
main.c:396:6:TOUCH_AF_INT_Change	32	static
main.c:407:13:TOUCH_AF_GPIOConfig	32	static
main.c:427:6:I2C_GT911_ReadRegister	32	static,ignoring_inline_asm
main.c:438:6:I2C_GT911_WriteRegister	32	static,ignoring_inline_asm
main.c:449:6:I2C_GT911_SendConfig	16	static
main.c:475:6:touchPanelInit	24	static
main.c:554:6:touchPanelDeInit	8	static,ignoring_inline_asm
main.c:562:6:touchPanelRead	24	static
main.c:668:5:main	8	static
main.c:772:6:SystemClock_Config	136	static
main.c:825:13:MX_ADC3_Init	24	static
main.c:875:13:MX_DAC_Init	16	static
main.c:913:13:MX_I2C1_Init	8	static
main.c:959:13:MX_LTDC_Init	112	static
main.c:1041:13:MX_SDIO_SD_Init	4	static
main.c:1069:13:MX_SPI2_Init	8	static
main.c:1107:13:MX_USART1_UART_Init	8	static
main.c:1140:13:MX_USART2_UART_Init	8	static
main.c:1173:13:MX_USART3_UART_Init	8	static
main.c:1206:13:MX_USART6_UART_Init	8	static
main.c:1239:13:MX_USB_OTG_FS_PCD_Init	8	static
main.c:1270:13:MX_FMC_Init	40	static
main.c:1321:13:MX_GPIO_Init	72	static
main.c:1553:6:StartDefaultTask	16	static
main.c:1571:6:TouchTaskEntry	16	static,ignoring_inline_asm
main.c:1619:6:HAL_TIM_PeriodElapsedCallback	16	static
main.c:1636:6:Error_Handler	4	static,ignoring_inline_asm
