stm32f4xx_hal_msp.c:67:6:HAL_MspInit	16	static
stm32f4xx_hal_msp.c:91:6:HAL_ADC_MspInit	56	static
stm32f4xx_hal_msp.c:147:6:HAL_ADC_MspDeInit	16	static
stm32f4xx_hal_msp.c:190:6:HAL_DAC_MspInit	48	static
stm32f4xx_hal_msp.c:223:6:HAL_DAC_MspDeInit	16	static
stm32f4xx_hal_msp.c:251:6:HAL_I2C_MspInit	48	static
stm32f4xx_hal_msp.c:328:6:HAL_I2C_MspDeInit	16	static
stm32f4xx_hal_msp.c:365:6:HAL_LTDC_MspInit	56	static
stm32f4xx_hal_msp.c:438:6:HAL_LTDC_MspDeInit	16	static
stm32f4xx_hal_msp.c:492:6:HAL_SD_MspInit	48	static
stm32f4xx_hal_msp.c:541:6:HAL_SD_MspDeInit	16	static
stm32f4xx_hal_msp.c:577:6:HAL_SPI_MspInit	48	static
stm32f4xx_hal_msp.c:615:6:HAL_SPI_MspDeInit	16	static
stm32f4xx_hal_msp.c:646:6:HAL_UART_MspInit	72	static
stm32f4xx_hal_msp.c:754:6:HAL_UART_MspDeInit	16	static
stm32f4xx_hal_msp.c:837:6:HAL_PCD_MspInit	48	static
stm32f4xx_hal_msp.c:879:6:HAL_PCD_MspDeInit	16	static
stm32f4xx_hal_msp.c:905:13:HAL_FMC_MspInit	32	static
stm32f4xx_hal_msp.c:1011:6:HAL_SDRAM_MspInit	16	static
stm32f4xx_hal_msp.c:1023:13:HAL_FMC_MspDeInit	8	static
stm32f4xx_hal_msp.c:1097:6:HAL_SDRAM_MspDeInit	16	static
