stm32f4xx_hal_msp.c:64:6:HAL_MspInit	16	static
stm32f4xx_hal_msp.c:88:6:HAL_ADC_MspInit	56	static
stm32f4xx_hal_msp.c:144:6:HAL_ADC_MspDeInit	16	static
stm32f4xx_hal_msp.c:187:6:HAL_DAC_MspInit	48	static
stm32f4xx_hal_msp.c:220:6:HAL_DAC_MspDeInit	16	static
stm32f4xx_hal_msp.c:248:6:HAL_I2C_MspInit	48	static
stm32f4xx_hal_msp.c:284:6:HAL_I2C_MspDeInit	16	static
stm32f4xx_hal_msp.c:315:6:HAL_LTDC_MspInit	56	static
stm32f4xx_hal_msp.c:388:6:HAL_LTDC_MspDeInit	16	static
stm32f4xx_hal_msp.c:442:6:HAL_SD_MspInit	48	static
stm32f4xx_hal_msp.c:491:6:HAL_SD_MspDeInit	16	static
stm32f4xx_hal_msp.c:527:6:HAL_SPI_MspInit	48	static
stm32f4xx_hal_msp.c:565:6:HAL_SPI_MspDeInit	16	static
stm32f4xx_hal_msp.c:596:6:HAL_UART_MspInit	72	static
stm32f4xx_hal_msp.c:704:6:HAL_UART_MspDeInit	16	static
stm32f4xx_hal_msp.c:787:6:HAL_PCD_MspInit	48	static
stm32f4xx_hal_msp.c:829:6:HAL_PCD_MspDeInit	16	static
stm32f4xx_hal_msp.c:855:13:HAL_FMC_MspInit	32	static
stm32f4xx_hal_msp.c:961:6:HAL_SDRAM_MspInit	16	static
stm32f4xx_hal_msp.c:973:13:HAL_FMC_MspDeInit	8	static
stm32f4xx_hal_msp.c:1047:6:HAL_SDRAM_MspDeInit	16	static
