main.c:355:6:serialPrintf	152	static
main.c:373:6:TOUCH_AF_INT_Change	32	static
main.c:404:6:I2C_GT911_ReadRegister	40	static,ignoring_inline_asm
main.c:426:9:I2C_GT911_WriteRegister	280	static,ignoring_inline_asm
main.c:449:6:I2C_GT911_SendConfig	24	static
main.c:475:6:touchPanelInit	56	static
main.c:553:6:touchPanelDeInit	8	static,ignoring_inline_asm
main.c:561:6:touchPanelRead	32	static
main.c:753:6:SystemClock_Config	136	static,ignoring_inline_asm
main.c:663:5:main	168	static,ignoring_inline_asm
main.c:1531:6:Error_Handler	0	static,ignoring_inline_asm
