stm32f4xx_hal_msp.c:64:6:HAL_MspInit	8	static
stm32f4xx_hal_msp.c:86:6:HAL_ADC_MspInit	56	static
stm32f4xx_hal_msp.c:142:6:HAL_ADC_MspDeInit	8	static
stm32f4xx_hal_msp.c:185:6:HAL_DAC_MspInit	40	static
stm32f4xx_hal_msp.c:218:6:HAL_DAC_MspDeInit	0	static
stm32f4xx_hal_msp.c:246:6:HAL_I2C_MspInit	48	static
stm32f4xx_hal_msp.c:282:6:HAL_I2C_MspDeInit	8	static
stm32f4xx_hal_msp.c:313:6:HAL_LTDC_MspInit	56	static
stm32f4xx_hal_msp.c:386:6:HAL_LTDC_MspDeInit	8	static
stm32f4xx_hal_msp.c:440:6:HAL_SD_MspInit	56	static
stm32f4xx_hal_msp.c:489:6:HAL_SD_MspDeInit	8	static
stm32f4xx_hal_msp.c:525:6:HAL_SPI_MspInit	40	static
stm32f4xx_hal_msp.c:563:6:HAL_SPI_MspDeInit	0	static
stm32f4xx_hal_msp.c:594:6:HAL_UART_MspInit	64	static
stm32f4xx_hal_msp.c:702:6:HAL_UART_MspDeInit	0	static
stm32f4xx_hal_msp.c:785:6:HAL_PCD_MspInit	48	static
stm32f4xx_hal_msp.c:827:6:HAL_PCD_MspDeInit	0	static
stm32f4xx_hal_msp.c:959:6:HAL_SDRAM_MspInit	48	static
stm32f4xx_hal_msp.c:1045:6:HAL_SDRAM_MspDeInit	8	static
