bsp_driver_sd.c:78:16:BSP_SD_ITConfig	0	static
bsp_driver_sd.c:87:13:BSP_SD_DetectIT	0	static
bsp_driver_sd.c:104:16:BSP_SD_ReadBlocks	16	static
bsp_driver_sd.c:127:16:BSP_SD_WriteBlocks	16	static
bsp_driver_sd.c:149:16:BSP_SD_ReadBlocks_DMA	8	static
bsp_driver_sd.c:172:16:BSP_SD_WriteBlocks_DMA	8	static
bsp_driver_sd.c:194:16:BSP_SD_Erase	8	static
bsp_driver_sd.c:214:16:BSP_SD_GetCardState	8	static
bsp_driver_sd.c:224:13:BSP_SD_GetCardInfo	0	static
bsp_driver_sd.c:269:13:BSP_SD_AbortCallback	0	static
bsp_driver_sd.c:238:6:HAL_SD_AbortCallback	8	static
bsp_driver_sd.c:279:13:BSP_SD_WriteCpltCallback	0	static
bsp_driver_sd.c:248:6:HAL_SD_TxCpltCallback	8	static
bsp_driver_sd.c:289:13:BSP_SD_ReadCpltCallback	0	static
bsp_driver_sd.c:258:6:HAL_SD_RxCpltCallback	8	static
bsp_driver_sd.c:301:16:BSP_SD_IsDetected	16	static
bsp_driver_sd.c:47:16:BSP_SD_Init	8	static
