main.c:355:6:serialPrintf	160	static
main.c:373:6:TOUCH_AF_INT_Change	32	static
main.c:384:13:TOUCH_AF_GPIOConfig	32	static
main.c:404:6:I2C_GT911_ReadRegister	32	static,ignoring_inline_asm
main.c:426:9:I2C_GT911_WriteRegister	288	static,ignoring_inline_asm
main.c:449:6:I2C_GT911_SendConfig	16	static
main.c:475:6:touchPanelInit	24	static
main.c:553:6:touchPanelDeInit	8	static,ignoring_inline_asm
main.c:561:6:touchPanelRead	24	static
main.c:667:5:main	8	static,ignoring_inline_asm
main.c:757:6:SystemClock_Config	136	static
main.c:810:13:MX_ADC3_Init	24	static
main.c:860:13:MX_DAC_Init	16	static
main.c:898:13:MX_I2C1_Init	8	static
main.c:944:13:MX_LTDC_Init	112	static
main.c:1026:13:MX_SDIO_SD_Init	4	static
main.c:1054:13:MX_SPI2_Init	8	static
main.c:1092:13:MX_USART1_UART_Init	8	static
main.c:1125:13:MX_USART2_UART_Init	8	static
main.c:1158:13:MX_USART3_UART_Init	8	static
main.c:1191:13:MX_USART6_UART_Init	8	static
main.c:1224:13:MX_USB_OTG_FS_PCD_Init	8	static
main.c:1255:13:MX_FMC_Init	40	static
main.c:1306:13:MX_GPIO_Init	72	static
main.c:1535:6:Error_Handler	4	static,ignoring_inline_asm
