main.c:388:6:serialPrintf	160	static
main.c:406:6:TOUCH_AF_INT_Change	32	static
main.c:417:13:TOUCH_AF_GPIOConfig	32	static
main.c:437:6:I2C_GT911_ReadRegister	24	static,ignoring_inline_asm
main.c:454:6:I2C_GT911_WriteRegister	24	static,ignoring_inline_asm
main.c:471:6:I2C_GT911_SendConfig	16	static
main.c:497:6:touchPanelInit	24	static
main.c:576:6:touchPanelDeInit	8	static,ignoring_inline_asm
main.c:584:6:touchPanelRead	24	static
main.c:690:5:main	8	static
main.c:792:6:SystemClock_Config	136	static
main.c:845:13:MX_ADC3_Init	24	static
main.c:895:13:MX_DAC_Init	16	static
main.c:933:13:MX_I2C1_Init	8	static
main.c:979:13:MX_LTDC_Init	112	static
main.c:1061:13:MX_SDIO_SD_Init	4	static
main.c:1089:13:MX_SPI2_Init	8	static
main.c:1127:13:MX_USART1_UART_Init	8	static
main.c:1160:13:MX_USART2_UART_Init	8	static
main.c:1193:13:MX_USART3_UART_Init	8	static
main.c:1226:13:MX_USART6_UART_Init	8	static
main.c:1259:13:MX_USB_OTG_FS_PCD_Init	8	static
main.c:1292:13:MX_DMA_Init	16	static
main.c:1309:13:MX_FMC_Init	40	static
main.c:1360:13:MX_GPIO_Init	72	static
main.c:1591:6:HAL_I2C_MemTxCpltCallback	24	static,ignoring_inline_asm
main.c:1599:6:HAL_I2C_MemRxCpltCallback	24	static,ignoring_inline_asm
main.c:1607:6:HAL_GPIO_EXTI_Callback	24	static,ignoring_inline_asm
main.c:1626:6:StartDefaultTask	32	static
main.c:1668:6:TouchTaskEntry	16	static,ignoring_inline_asm
main.c:1717:6:HAL_TIM_PeriodElapsedCallback	16	static
main.c:1734:6:Error_Handler	4	static,ignoring_inline_asm
