stm32f4xx_hal_sd.c:2490:13:SD_DMATransmitCplt	0	static
stm32f4xx_hal_sd.c:3091:17:SD_FindSCR	56	static
stm32f4xx_hal_sd.c:511:13:HAL_SD_MspInit	0	static
stm32f4xx_hal_sd.c:526:13:HAL_SD_MspDeInit	0	static
stm32f4xx_hal_sd.c:470:19:HAL_SD_DeInit	8	static
stm32f4xx_hal_sd.c:567:19:HAL_SD_ReadBlocks	72	static
stm32f4xx_hal_sd.c:782:19:HAL_SD_WriteBlocks	72	static
stm32f4xx_hal_sd.c:970:19:HAL_SD_ReadBlocks_IT	48	static
stm32f4xx_hal_sd.c:1066:19:HAL_SD_WriteBlocks_IT	48	static
stm32f4xx_hal_sd.c:1163:19:HAL_SD_ReadBlocks_DMA	48	static
stm32f4xx_hal_sd.c:1284:19:HAL_SD_WriteBlocks_DMA	56	static
stm32f4xx_hal_sd.c:1407:19:HAL_SD_Erase	24	static
stm32f4xx_hal_sd.c:1725:21:HAL_SD_GetState	0	static
stm32f4xx_hal_sd.c:1736:10:HAL_SD_GetError	0	static
stm32f4xx_hal_sd.c:1746:13:HAL_SD_TxCpltCallback	0	static
stm32f4xx_hal_sd.c:1761:13:HAL_SD_RxCpltCallback	0	static
stm32f4xx_hal_sd.c:1776:13:HAL_SD_ErrorCallback	0	static
stm32f4xx_hal_sd.c:2503:13:SD_DMAReceiveCplt	8	static
stm32f4xx_hal_sd.c:1791:13:HAL_SD_AbortCallback	0	static
stm32f4xx_hal_sd.c:2002:19:HAL_SD_GetCardCID	8	static
stm32f4xx_hal_sd.c:2035:19:HAL_SD_GetCardCSD	8	static
stm32f4xx_hal_sd.c:403:19:HAL_SD_InitCard	120	static
stm32f4xx_hal_sd.c:335:19:HAL_SD_Init	8	static
stm32f4xx_hal_sd.c:2149:19:HAL_SD_GetCardStatus	120	static
stm32f4xx_hal_sd.c:2209:19:HAL_SD_GetCardInfo	0	static
stm32f4xx_hal_sd.c:2234:19:HAL_SD_ConfigWideBusOperation	64	static
stm32f4xx_hal_sd.c:2316:25:HAL_SD_GetCardState	8	static
stm32f4xx_hal_sd.c:2545:13:SD_DMAError	8	static
stm32f4xx_hal_sd.c:2589:13:SD_DMATxAbort	8	static
stm32f4xx_hal_sd.c:1509:6:HAL_SD_IRQHandler	32	static
stm32f4xx_hal_sd.c:2628:13:SD_DMARxAbort	0	static
stm32f4xx_hal_sd.c:2339:19:HAL_SD_Abort	8	static
stm32f4xx_hal_sd.c:2403:19:HAL_SD_Abort_IT	16	static
